[2025-10-21T07:07:17.330Z] Error: Campos obrigatórios ausentes: senha
    at validarObrigatorios (file:///C:/Users/sasuk/OneDrive/%C3%81rea%20de%20Trabalho/Back-End-micro-blogging-main/src/utils/validacao.js:9:18)
    at Usuario.criar (file:///C:/Users/sasuk/OneDrive/%C3%81rea%20de%20Trabalho/Back-End-micro-blogging-main/src/classes/Usuario.js:11:7)
    at file:///C:/Users/sasuk/OneDrive/%C3%81rea%20de%20Trabalho/Back-End-micro-blogging-main/app.js:74:34
    at Layer.handleRequest (C:\Users\sasuk\OneDrive\Área de Trabalho\Back-End-micro-blogging-main\node_modules\router\lib\layer.js:152:17)
    at next (C:\Users\sasuk\OneDrive\Área de Trabalho\Back-End-micro-blogging-main\node_modules\router\lib\route.js:157:13)
    at Route.dispatch (C:\Users\sasuk\OneDrive\Área de Trabalho\Back-End-micro-blogging-main\node_modules\router\lib\route.js:117:3)
    at handle (C:\Users\sasuk\OneDrive\Área de Trabalho\Back-End-micro-blogging-main\node_modules\router\index.js:435:11)
    at Layer.handleRequest (C:\Users\sasuk\OneDrive\Área de Trabalho\Back-End-micro-blogging-main\node_modules\router\lib\layer.js:152:17)
    at C:\Users\sasuk\OneDrive\Área de Trabalho\Back-End-micro-blogging-main\node_modules\router\index.js:295:15
    at processParams (C:\Users\sasuk\OneDrive\Área de Trabalho\Back-End-micro-blogging-main\node_modules\router\index.js:582:12)
[2025-10-21T07:14:58.510Z] MongoServerError: E11000 duplicate key error collection: microblog.usuarios index: email_1 dup key: { email: "ana@mail.com" }
    at InsertOneOperation.handleOk (C:\Users\sasuk\OneDrive\Área de Trabalho\Back-End-micro-blogging-main\node_modules\mongodb\lib\operations\insert.js:51:19)
    at tryOperation (C:\Users\sasuk\OneDrive\Área de Trabalho\Back-End-micro-blogging-main\node_modules\mongodb\lib\operations\execute_operation.js:214:34)
    at process.processTicksAndRejections (node:internal/process/task_queues:105:5)
    at async executeOperation (C:\Users\sasuk\OneDrive\Área de Trabalho\Back-End-micro-blogging-main\node_modules\mongodb\lib\operations\execute_operation.js:78:16)
    at async Collection.insertOne (C:\Users\sasuk\OneDrive\Área de Trabalho\Back-End-micro-blogging-main\node_modules\mongodb\lib\collection.js:154:16)
    at async Usuario.criar (file:///C:/Users/sasuk/OneDrive/%C3%81rea%20de%20Trabalho/Back-End-micro-blogging-main/src/classes/Usuario.js:14:17)
    at async main (file:///C:/Users/sasuk/OneDrive/%C3%81rea%20de%20Trabalho/Back-End-micro-blogging-main/app.js:11:13)
[2025-10-21T07:14:58.513Z] MongoServerError: E11000 duplicate key error collection: microblog.usuarios index: email_1 dup key: { email: "ana@mail.com" }
    at InsertOneOperation.handleOk (C:\Users\sasuk\OneDrive\Área de Trabalho\Back-End-micro-blogging-main\node_modules\mongodb\lib\operations\insert.js:51:19)
    at tryOperation (C:\Users\sasuk\OneDrive\Área de Trabalho\Back-End-micro-blogging-main\node_modules\mongodb\lib\operations\execute_operation.js:214:34)
    at process.processTicksAndRejections (node:internal/process/task_queues:105:5)
    at async executeOperation (C:\Users\sasuk\OneDrive\Área de Trabalho\Back-End-micro-blogging-main\node_modules\mongodb\lib\operations\execute_operation.js:78:16)
    at async Collection.insertOne (C:\Users\sasuk\OneDrive\Área de Trabalho\Back-End-micro-blogging-main\node_modules\mongodb\lib\collection.js:154:16)
    at async Usuario.criar (file:///C:/Users/sasuk/OneDrive/%C3%81rea%20de%20Trabalho/Back-End-micro-blogging-main/src/classes/Usuario.js:14:17)
    at async main (file:///C:/Users/sasuk/OneDrive/%C3%81rea%20de%20Trabalho/Back-End-micro-blogging-main/app.js:11:13)
[2025-10-21T07:14:58.516Z] MongoServerError: E11000 duplicate key error collection: microblog.usuarios index: email_1 dup key: { email: "ana@mail.com" }
    at InsertOneOperation.handleOk (C:\Users\sasuk\OneDrive\Área de Trabalho\Back-End-micro-blogging-main\node_modules\mongodb\lib\operations\insert.js:51:19)
    at tryOperation (C:\Users\sasuk\OneDrive\Área de Trabalho\Back-End-micro-blogging-main\node_modules\mongodb\lib\operations\execute_operation.js:214:34)
    at process.processTicksAndRejections (node:internal/process/task_queues:105:5)
    at async executeOperation (C:\Users\sasuk\OneDrive\Área de Trabalho\Back-End-micro-blogging-main\node_modules\mongodb\lib\operations\execute_operation.js:78:16)
    at async Collection.insertOne (C:\Users\sasuk\OneDrive\Área de Trabalho\Back-End-micro-blogging-main\node_modules\mongodb\lib\collection.js:154:16)
    at async Usuario.criar (file:///C:/Users/sasuk/OneDrive/%C3%81rea%20de%20Trabalho/Back-End-micro-blogging-main/src/classes/Usuario.js:14:17)
    at async main (file:///C:/Users/sasuk/OneDrive/%C3%81rea%20de%20Trabalho/Back-End-micro-blogging-main/app.js:11:13)
[2025-10-21T07:14:58.530Z] MongoServerError: E11000 duplicate key error collection: microblog.usuarios index: email_1 dup key: { email: "joao@mail.com" }
    at InsertOneOperation.handleOk (C:\Users\sasuk\OneDrive\Área de Trabalho\Back-End-micro-blogging-main\node_modules\mongodb\lib\operations\insert.js:51:19)
    at tryOperation (C:\Users\sasuk\OneDrive\Área de Trabalho\Back-End-micro-blogging-main\node_modules\mongodb\lib\operations\execute_operation.js:214:34)
    at process.processTicksAndRejections (node:internal/process/task_queues:105:5)
    at async executeOperation (C:\Users\sasuk\OneDrive\Área de Trabalho\Back-End-micro-blogging-main\node_modules\mongodb\lib\operations\execute_operation.js:78:16)
    at async Collection.insertOne (C:\Users\sasuk\OneDrive\Área de Trabalho\Back-End-micro-blogging-main\node_modules\mongodb\lib\collection.js:154:16)
    at async Usuario.criar (file:///C:/Users/sasuk/OneDrive/%C3%81rea%20de%20Trabalho/Back-End-micro-blogging-main/src/classes/Usuario.js:14:17)
    at async main (file:///C:/Users/sasuk/OneDrive/%C3%81rea%20de%20Trabalho/Back-End-micro-blogging-main/app.js:22:17)
[2025-10-21T07:15:00.906Z] MongoServerError: E11000 duplicate key error collection: microblog.usuarios index: email_1 dup key: { email: "ana@mail.com" }
    at InsertOneOperation.handleOk (C:\Users\sasuk\OneDrive\Área de Trabalho\Back-End-micro-blogging-main\node_modules\mongodb\lib\operations\insert.js:51:19)
    at tryOperation (C:\Users\sasuk\OneDrive\Área de Trabalho\Back-End-micro-blogging-main\node_modules\mongodb\lib\operations\execute_operation.js:214:34)
    at process.processTicksAndRejections (node:internal/process/task_queues:105:5)
    at async executeOperation (C:\Users\sasuk\OneDrive\Área de Trabalho\Back-End-micro-blogging-main\node_modules\mongodb\lib\operations\execute_operation.js:78:16)
    at async Collection.insertOne (C:\Users\sasuk\OneDrive\Área de Trabalho\Back-End-micro-blogging-main\node_modules\mongodb\lib\collection.js:154:16)
    at async Usuario.criar (file:///C:/Users/sasuk/OneDrive/%C3%81rea%20de%20Trabalho/Back-End-micro-blogging-main/src/classes/Usuario.js:14:17)
    at async main (file:///C:/Users/sasuk/OneDrive/%C3%81rea%20de%20Trabalho/Back-End-micro-blogging-main/app.js:11:13)
[2025-10-21T07:15:00.913Z] MongoServerError: E11000 duplicate key error collection: microblog.usuarios index: email_1 dup key: { email: "ana@mail.com" }
    at InsertOneOperation.handleOk (C:\Users\sasuk\OneDrive\Área de Trabalho\Back-End-micro-blogging-main\node_modules\mongodb\lib\operations\insert.js:51:19)
    at tryOperation (C:\Users\sasuk\OneDrive\Área de Trabalho\Back-End-micro-blogging-main\node_modules\mongodb\lib\operations\execute_operation.js:214:34)
    at process.processTicksAndRejections (node:internal/process/task_queues:105:5)
    at async executeOperation (C:\Users\sasuk\OneDrive\Área de Trabalho\Back-End-micro-blogging-main\node_modules\mongodb\lib\operations\execute_operation.js:78:16)
    at async Collection.insertOne (C:\Users\sasuk\OneDrive\Área de Trabalho\Back-End-micro-blogging-main\node_modules\mongodb\lib\collection.js:154:16)
    at async Usuario.criar (file:///C:/Users/sasuk/OneDrive/%C3%81rea%20de%20Trabalho/Back-End-micro-blogging-main/src/classes/Usuario.js:14:17)
    at async main (file:///C:/Users/sasuk/OneDrive/%C3%81rea%20de%20Trabalho/Back-End-micro-blogging-main/app.js:11:13)
[2025-10-21T07:15:00.915Z] MongoServerError: E11000 duplicate key error collection: microblog.usuarios index: email_1 dup key: { email: "ana@mail.com" }
    at InsertOneOperation.handleOk (C:\Users\sasuk\OneDrive\Área de Trabalho\Back-End-micro-blogging-main\node_modules\mongodb\lib\operations\insert.js:51:19)
    at tryOperation (C:\Users\sasuk\OneDrive\Área de Trabalho\Back-End-micro-blogging-main\node_modules\mongodb\lib\operations\execute_operation.js:214:34)
    at process.processTicksAndRejections (node:internal/process/task_queues:105:5)
    at async executeOperation (C:\Users\sasuk\OneDrive\Área de Trabalho\Back-End-micro-blogging-main\node_modules\mongodb\lib\operations\execute_operation.js:78:16)
    at async Collection.insertOne (C:\Users\sasuk\OneDrive\Área de Trabalho\Back-End-micro-blogging-main\node_modules\mongodb\lib\collection.js:154:16)
    at async Usuario.criar (file:///C:/Users/sasuk/OneDrive/%C3%81rea%20de%20Trabalho/Back-End-micro-blogging-main/src/classes/Usuario.js:14:17)
    at async main (file:///C:/Users/sasuk/OneDrive/%C3%81rea%20de%20Trabalho/Back-End-micro-blogging-main/app.js:11:13)
[2025-10-21T07:15:00.940Z] MongoServerError: E11000 duplicate key error collection: microblog.usuarios index: email_1 dup key: { email: "joao@mail.com" }
    at InsertOneOperation.handleOk (C:\Users\sasuk\OneDrive\Área de Trabalho\Back-End-micro-blogging-main\node_modules\mongodb\lib\operations\insert.js:51:19)
    at tryOperation (C:\Users\sasuk\OneDrive\Área de Trabalho\Back-End-micro-blogging-main\node_modules\mongodb\lib\operations\execute_operation.js:214:34)
    at process.processTicksAndRejections (node:internal/process/task_queues:105:5)
    at async executeOperation (C:\Users\sasuk\OneDrive\Área de Trabalho\Back-End-micro-blogging-main\node_modules\mongodb\lib\operations\execute_operation.js:78:16)
    at async Collection.insertOne (C:\Users\sasuk\OneDrive\Área de Trabalho\Back-End-micro-blogging-main\node_modules\mongodb\lib\collection.js:154:16)
    at async Usuario.criar (file:///C:/Users/sasuk/OneDrive/%C3%81rea%20de%20Trabalho/Back-End-micro-blogging-main/src/classes/Usuario.js:14:17)
    at async main (file:///C:/Users/sasuk/OneDrive/%C3%81rea%20de%20Trabalho/Back-End-micro-blogging-main/app.js:22:17)
[2025-10-21T07:15:49.864Z] MongoServerError: E11000 duplicate key error collection: microblog.usuarios index: email_1 dup key: { email: "ana@mail.com" }
    at InsertOneOperation.handleOk (C:\Users\sasuk\OneDrive\Área de Trabalho\Back-End-micro-blogging-main\node_modules\mongodb\lib\operations\insert.js:51:19)
    at tryOperation (C:\Users\sasuk\OneDrive\Área de Trabalho\Back-End-micro-blogging-main\node_modules\mongodb\lib\operations\execute_operation.js:214:34)
    at process.processTicksAndRejections (node:internal/process/task_queues:105:5)
    at async executeOperation (C:\Users\sasuk\OneDrive\Área de Trabalho\Back-End-micro-blogging-main\node_modules\mongodb\lib\operations\execute_operation.js:78:16)
    at async Collection.insertOne (C:\Users\sasuk\OneDrive\Área de Trabalho\Back-End-micro-blogging-main\node_modules\mongodb\lib\collection.js:154:16)
    at async Usuario.criar (file:///C:/Users/sasuk/OneDrive/%C3%81rea%20de%20Trabalho/Back-End-micro-blogging-main/src/classes/Usuario.js:14:17)
    at async main (file:///C:/Users/sasuk/OneDrive/%C3%81rea%20de%20Trabalho/Back-End-micro-blogging-main/app.js:11:13)
[2025-10-21T07:15:49.867Z] MongoServerError: E11000 duplicate key error collection: microblog.usuarios index: email_1 dup key: { email: "ana@mail.com" }
    at InsertOneOperation.handleOk (C:\Users\sasuk\OneDrive\Área de Trabalho\Back-End-micro-blogging-main\node_modules\mongodb\lib\operations\insert.js:51:19)
    at tryOperation (C:\Users\sasuk\OneDrive\Área de Trabalho\Back-End-micro-blogging-main\node_modules\mongodb\lib\operations\execute_operation.js:214:34)
    at process.processTicksAndRejections (node:internal/process/task_queues:105:5)
    at async executeOperation (C:\Users\sasuk\OneDrive\Área de Trabalho\Back-End-micro-blogging-main\node_modules\mongodb\lib\operations\execute_operation.js:78:16)
    at async Collection.insertOne (C:\Users\sasuk\OneDrive\Área de Trabalho\Back-End-micro-blogging-main\node_modules\mongodb\lib\collection.js:154:16)
    at async Usuario.criar (file:///C:/Users/sasuk/OneDrive/%C3%81rea%20de%20Trabalho/Back-End-micro-blogging-main/src/classes/Usuario.js:14:17)
    at async main (file:///C:/Users/sasuk/OneDrive/%C3%81rea%20de%20Trabalho/Back-End-micro-blogging-main/app.js:11:13)
[2025-10-21T07:15:49.873Z] MongoServerError: E11000 duplicate key error collection: microblog.usuarios index: email_1 dup key: { email: "ana@mail.com" }
    at InsertOneOperation.handleOk (C:\Users\sasuk\OneDrive\Área de Trabalho\Back-End-micro-blogging-main\node_modules\mongodb\lib\operations\insert.js:51:19)
    at tryOperation (C:\Users\sasuk\OneDrive\Área de Trabalho\Back-End-micro-blogging-main\node_modules\mongodb\lib\operations\execute_operation.js:214:34)
    at process.processTicksAndRejections (node:internal/process/task_queues:105:5)
    at async executeOperation (C:\Users\sasuk\OneDrive\Área de Trabalho\Back-End-micro-blogging-main\node_modules\mongodb\lib\operations\execute_operation.js:78:16)
    at async Collection.insertOne (C:\Users\sasuk\OneDrive\Área de Trabalho\Back-End-micro-blogging-main\node_modules\mongodb\lib\collection.js:154:16)
    at async Usuario.criar (file:///C:/Users/sasuk/OneDrive/%C3%81rea%20de%20Trabalho/Back-End-micro-blogging-main/src/classes/Usuario.js:14:17)
    at async main (file:///C:/Users/sasuk/OneDrive/%C3%81rea%20de%20Trabalho/Back-End-micro-blogging-main/app.js:11:13)
[2025-10-21T07:15:50.629Z] MongoServerError: E11000 duplicate key error collection: microblog.usuarios index: email_1 dup key: { email: "ana@mail.com" }
    at InsertOneOperation.handleOk (C:\Users\sasuk\OneDrive\Área de Trabalho\Back-End-micro-blogging-main\node_modules\mongodb\lib\operations\insert.js:51:19)
    at tryOperation (C:\Users\sasuk\OneDrive\Área de Trabalho\Back-End-micro-blogging-main\node_modules\mongodb\lib\operations\execute_operation.js:214:34)
    at process.processTicksAndRejections (node:internal/process/task_queues:105:5)
    at async executeOperation (C:\Users\sasuk\OneDrive\Área de Trabalho\Back-End-micro-blogging-main\node_modules\mongodb\lib\operations\execute_operation.js:78:16)
    at async Collection.insertOne (C:\Users\sasuk\OneDrive\Área de Trabalho\Back-End-micro-blogging-main\node_modules\mongodb\lib\collection.js:154:16)
    at async Usuario.criar (file:///C:/Users/sasuk/OneDrive/%C3%81rea%20de%20Trabalho/Back-End-micro-blogging-main/src/classes/Usuario.js:14:17)
    at async main (file:///C:/Users/sasuk/OneDrive/%C3%81rea%20de%20Trabalho/Back-End-micro-blogging-main/app.js:11:13)
[2025-10-21T07:15:50.629Z] MongoServerError: E11000 duplicate key error collection: microblog.usuarios index: email_1 dup key: { email: "ana@mail.com" }
    at InsertOneOperation.handleOk (C:\Users\sasuk\OneDrive\Área de Trabalho\Back-End-micro-blogging-main\node_modules\mongodb\lib\operations\insert.js:51:19)
    at tryOperation (C:\Users\sasuk\OneDrive\Área de Trabalho\Back-End-micro-blogging-main\node_modules\mongodb\lib\operations\execute_operation.js:214:34)
    at process.processTicksAndRejections (node:internal/process/task_queues:105:5)
    at async executeOperation (C:\Users\sasuk\OneDrive\Área de Trabalho\Back-End-micro-blogging-main\node_modules\mongodb\lib\operations\execute_operation.js:78:16)
    at async Collection.insertOne (C:\Users\sasuk\OneDrive\Área de Trabalho\Back-End-micro-blogging-main\node_modules\mongodb\lib\collection.js:154:16)
    at async Usuario.criar (file:///C:/Users/sasuk/OneDrive/%C3%81rea%20de%20Trabalho/Back-End-micro-blogging-main/src/classes/Usuario.js:14:17)
    at async main (file:///C:/Users/sasuk/OneDrive/%C3%81rea%20de%20Trabalho/Back-End-micro-blogging-main/app.js:11:13)
[2025-10-21T07:15:50.633Z] MongoServerError: E11000 duplicate key error collection: microblog.usuarios index: email_1 dup key: { email: "ana@mail.com" }
    at InsertOneOperation.handleOk (C:\Users\sasuk\OneDrive\Área de Trabalho\Back-End-micro-blogging-main\node_modules\mongodb\lib\operations\insert.js:51:19)
    at tryOperation (C:\Users\sasuk\OneDrive\Área de Trabalho\Back-End-micro-blogging-main\node_modules\mongodb\lib\operations\execute_operation.js:214:34)
    at process.processTicksAndRejections (node:internal/process/task_queues:105:5)
    at async executeOperation (C:\Users\sasuk\OneDrive\Área de Trabalho\Back-End-micro-blogging-main\node_modules\mongodb\lib\operations\execute_operation.js:78:16)
    at async Collection.insertOne (C:\Users\sasuk\OneDrive\Área de Trabalho\Back-End-micro-blogging-main\node_modules\mongodb\lib\collection.js:154:16)
    at async Usuario.criar (file:///C:/Users/sasuk/OneDrive/%C3%81rea%20de%20Trabalho/Back-End-micro-blogging-main/src/classes/Usuario.js:14:17)
    at async main (file:///C:/Users/sasuk/OneDrive/%C3%81rea%20de%20Trabalho/Back-End-micro-blogging-main/app.js:11:13)
[2025-10-21T07:15:50.638Z] MongoServerError: E11000 duplicate key error collection: microblog.usuarios index: email_1 dup key: { email: "ana@mail.com" }
    at InsertOneOperation.handleOk (C:\Users\sasuk\OneDrive\Área de Trabalho\Back-End-micro-blogging-main\node_modules\mongodb\lib\operations\insert.js:51:19)
    at tryOperation (C:\Users\sasuk\OneDrive\Área de Trabalho\Back-End-micro-blogging-main\node_modules\mongodb\lib\operations\execute_operation.js:214:34)
    at process.processTicksAndRejections (node:internal/process/task_queues:105:5)
    at async executeOperation (C:\Users\sasuk\OneDrive\Área de Trabalho\Back-End-micro-blogging-main\node_modules\mongodb\lib\operations\execute_operation.js:78:16)
    at async Collection.insertOne (C:\Users\sasuk\OneDrive\Área de Trabalho\Back-End-micro-blogging-main\node_modules\mongodb\lib\collection.js:154:16)
    at async Usuario.criar (file:///C:/Users/sasuk/OneDrive/%C3%81rea%20de%20Trabalho/Back-End-micro-blogging-main/src/classes/Usuario.js:14:17)
    at async main (file:///C:/Users/sasuk/OneDrive/%C3%81rea%20de%20Trabalho/Back-End-micro-blogging-main/app.js:11:13)
[2025-10-21T07:15:51.983Z] MongoServerError: E11000 duplicate key error collection: microblog.usuarios index: email_1 dup key: { email: "ana@mail.com" }
    at InsertOneOperation.handleOk (C:\Users\sasuk\OneDrive\Área de Trabalho\Back-End-micro-blogging-main\node_modules\mongodb\lib\operations\insert.js:51:19)
    at tryOperation (C:\Users\sasuk\OneDrive\Área de Trabalho\Back-End-micro-blogging-main\node_modules\mongodb\lib\operations\execute_operation.js:214:34)
    at process.processTicksAndRejections (node:internal/process/task_queues:105:5)
    at async executeOperation (C:\Users\sasuk\OneDrive\Área de Trabalho\Back-End-micro-blogging-main\node_modules\mongodb\lib\operations\execute_operation.js:78:16)
    at async Collection.insertOne (C:\Users\sasuk\OneDrive\Área de Trabalho\Back-End-micro-blogging-main\node_modules\mongodb\lib\collection.js:154:16)
    at async Usuario.criar (file:///C:/Users/sasuk/OneDrive/%C3%81rea%20de%20Trabalho/Back-End-micro-blogging-main/src/classes/Usuario.js:14:17)
    at async main (file:///C:/Users/sasuk/OneDrive/%C3%81rea%20de%20Trabalho/Back-End-micro-blogging-main/app.js:11:13)
[2025-10-21T07:15:51.983Z] MongoServerError: E11000 duplicate key error collection: microblog.usuarios index: email_1 dup key: { email: "ana@mail.com" }
    at InsertOneOperation.handleOk (C:\Users\sasuk\OneDrive\Área de Trabalho\Back-End-micro-blogging-main\node_modules\mongodb\lib\operations\insert.js:51:19)
    at tryOperation (C:\Users\sasuk\OneDrive\Área de Trabalho\Back-End-micro-blogging-main\node_modules\mongodb\lib\operations\execute_operation.js:214:34)
    at process.processTicksAndRejections (node:internal/process/task_queues:105:5)
    at async executeOperation (C:\Users\sasuk\OneDrive\Área de Trabalho\Back-End-micro-blogging-main\node_modules\mongodb\lib\operations\execute_operation.js:78:16)
    at async Collection.insertOne (C:\Users\sasuk\OneDrive\Área de Trabalho\Back-End-micro-blogging-main\node_modules\mongodb\lib\collection.js:154:16)
    at async Usuario.criar (file:///C:/Users/sasuk/OneDrive/%C3%81rea%20de%20Trabalho/Back-End-micro-blogging-main/src/classes/Usuario.js:14:17)
    at async main (file:///C:/Users/sasuk/OneDrive/%C3%81rea%20de%20Trabalho/Back-End-micro-blogging-main/app.js:11:13)
[2025-10-21T07:15:51.984Z] MongoServerError: E11000 duplicate key error collection: microblog.usuarios index: email_1 dup key: { email: "ana@mail.com" }
    at InsertOneOperation.handleOk (C:\Users\sasuk\OneDrive\Área de Trabalho\Back-End-micro-blogging-main\node_modules\mongodb\lib\operations\insert.js:51:19)
    at tryOperation (C:\Users\sasuk\OneDrive\Área de Trabalho\Back-End-micro-blogging-main\node_modules\mongodb\lib\operations\execute_operation.js:214:34)
    at process.processTicksAndRejections (node:internal/process/task_queues:105:5)
    at async executeOperation (C:\Users\sasuk\OneDrive\Área de Trabalho\Back-End-micro-blogging-main\node_modules\mongodb\lib\operations\execute_operation.js:78:16)
    at async Collection.insertOne (C:\Users\sasuk\OneDrive\Área de Trabalho\Back-End-micro-blogging-main\node_modules\mongodb\lib\collection.js:154:16)
    at async Usuario.criar (file:///C:/Users/sasuk/OneDrive/%C3%81rea%20de%20Trabalho/Back-End-micro-blogging-main/src/classes/Usuario.js:14:17)
    at async main (file:///C:/Users/sasuk/OneDrive/%C3%81rea%20de%20Trabalho/Back-End-micro-blogging-main/app.js:11:13)
[2025-10-21T07:15:56.089Z] MongoServerError: E11000 duplicate key error collection: microblog.usuarios index: email_1 dup key: { email: "ana@mail.com" }
    at InsertOneOperation.handleOk (C:\Users\sasuk\OneDrive\Área de Trabalho\Back-End-micro-blogging-main\node_modules\mongodb\lib\operations\insert.js:51:19)
    at tryOperation (C:\Users\sasuk\OneDrive\Área de Trabalho\Back-End-micro-blogging-main\node_modules\mongodb\lib\operations\execute_operation.js:214:34)
    at process.processTicksAndRejections (node:internal/process/task_queues:105:5)
    at async executeOperation (C:\Users\sasuk\OneDrive\Área de Trabalho\Back-End-micro-blogging-main\node_modules\mongodb\lib\operations\execute_operation.js:78:16)
    at async Collection.insertOne (C:\Users\sasuk\OneDrive\Área de Trabalho\Back-End-micro-blogging-main\node_modules\mongodb\lib\collection.js:154:16)
    at async Usuario.criar (file:///C:/Users/sasuk/OneDrive/%C3%81rea%20de%20Trabalho/Back-End-micro-blogging-main/src/classes/Usuario.js:14:17)
    at async main (file:///C:/Users/sasuk/OneDrive/%C3%81rea%20de%20Trabalho/Back-End-micro-blogging-main/app.js:11:13)
[2025-10-21T07:15:56.090Z] MongoServerError: E11000 duplicate key error collection: microblog.usuarios index: email_1 dup key: { email: "ana@mail.com" }
    at InsertOneOperation.handleOk (C:\Users\sasuk\OneDrive\Área de Trabalho\Back-End-micro-blogging-main\node_modules\mongodb\lib\operations\insert.js:51:19)
    at tryOperation (C:\Users\sasuk\OneDrive\Área de Trabalho\Back-End-micro-blogging-main\node_modules\mongodb\lib\operations\execute_operation.js:214:34)
    at process.processTicksAndRejections (node:internal/process/task_queues:105:5)
    at async executeOperation (C:\Users\sasuk\OneDrive\Área de Trabalho\Back-End-micro-blogging-main\node_modules\mongodb\lib\operations\execute_operation.js:78:16)
    at async Collection.insertOne (C:\Users\sasuk\OneDrive\Área de Trabalho\Back-End-micro-blogging-main\node_modules\mongodb\lib\collection.js:154:16)
    at async Usuario.criar (file:///C:/Users/sasuk/OneDrive/%C3%81rea%20de%20Trabalho/Back-End-micro-blogging-main/src/classes/Usuario.js:14:17)
    at async main (file:///C:/Users/sasuk/OneDrive/%C3%81rea%20de%20Trabalho/Back-End-micro-blogging-main/app.js:11:13)
